// Jest Snapshot v1, https://goo.gl/fbAQLP

exports[`EmployeComponent should render snapshot 1`] = `
<employe-component
  __ngContext__="0"
  employe$={[Function Store]}
  isLoading$={[Function Store]}
  search=""
  store={[Function Store]}
  title={[Function String]}
>
  <div
    class="flex items-center justify-center w-full pt-12"
  >
    <div
      class="max-w-md w-full"
    >
      <input
        class="w-full outline-none border-[1px] border-gray-300 rounded-lg py-2 transition duration-500 hover:border-green-600 px-3 text-gray-500 mb-3"
        id="search"
        name="search"
        placeholder="Search ..."
        type="text"
      />
    </div>
  </div><div
    class="flex items-center justify-center w-full flex-wrap"
  >
  </div>
</employe-component>
`;
