// Jest Snapshot v1, https://goo.gl/fbAQLP

exports[`DetailEmployeComponent should render snapshot 1`] = `
<detailemploye-component
  __ngContext__="0"
  employe$={[Function Store]}
  isLoading$={[Function Store]}
  route={[Function ActivatedRoute]}
  router={[Function Router]}
  store={[Function Store]}
  title={[Function String]}
>
  <div
    class="w-full px-4"
  >
    <div
      class="w-full bg-gray-100 p-3 flex items-center justify-end rounded-md my-4"
    >
      <arrow-right-solid-icon
        class="cursor-pointer"
      >
        <svg
          aria-hidden="true"
          fill="currentColor"
          style="width: 24px; height: 24px;"
          viewBox="0 0 24 24"
          xmlns="http://www.w3.org/2000/svg"
        >
          <path
            clip-rule="evenodd"
            d="M12.97 3.97a.75.75 0 0 1 1.06 0l7.5 7.5a.75.75 0 0 1 0 1.06l-7.5 7.5a.75.75 0 1 1-1.06-1.06l6.22-6.22H3a.75.75 0 0 1 0-1.5h16.19l-6.22-6.22a.75.75 0 0 1 0-1.06z"
            fill-rule="evenodd"
          />
        </svg>
      </arrow-right-solid-icon>
    </div>
  </div><div
    class="flex items-center justify-center w-full flex-wrap"
  >
    <div
      class="w-full max-w-[330px] bg-white shadow-md rounded-lg m-4 h-96 overflow-hidden"
    >
      <div
        class="w-full h-44 bg-gray-200"
      >
        <img
          alt=""
          class="w-full h-full bg-center bg-cover bg-no-repeat"
          src="https://api-prod-minimal-v4.vercel.app/assets/images/covers/cover_6.jpg"
        />
      </div>
      <div
        class="relative"
      >
        <div
          class="w-24 h-24 bg-white shadow-md rounded-full absolute top-[-50px] left-[36%] overflow-hidden"
        >
          <img
            alt=""
            class="bg-center bg-cover bg-no-repeat"
            src="https://api-prod-minimal-v4.vercel.app/assets/images/avatars/avatar_5.jpg"
          />
        </div>
      </div>
      <div
        class="w-full pt-12"
      >
        <p
          class="text-center text-gray-600 font-semibold"
        >
          <a
            class="transition duration-500 hover:text-blue-500 cursor-pointer"
          >
          </a>
        </p>
        <p
          class="text-center text-gray-400 font-semibold text-xs"
        >
        </p>
        <div
          class="text-center text-green-400 font-semibold text-sm"
        >
        </div>
        <p
          class="text-center text-gray-500 font-semibold text-sm"
        >
           Salery :  
        </p>
        <div
          class="p-2"
        >
          <button
            class="w-full bg-red-500 p-2 rounded-lg flex items-center justify-center"
          >
            <trash-solid-icon
              class="text-white"
            >
              <svg
                aria-hidden="true"
                fill="currentColor"
                style="width: 24px; height: 24px;"
                viewBox="0 0 24 24"
                xmlns="http://www.w3.org/2000/svg"
              >
                <path
                  clip-rule="evenodd"
                  d="M16.5 4.478v.227a48.816 48.816 0 0 1 3.878.512.75.75 0 1 1-.256 1.478l-.209-.035-1.005 13.07a3 3 0 0 1-2.991 2.77H8.084a3 3 0 0 1-2.991-2.77L4.087 6.66l-.209.035a.75.75 0 0 1-.256-1.478A48.567 48.567 0 0 1 7.5 4.705v-.227c0-1.564 1.213-2.9 2.816-2.951a52.662 52.662 0 0 1 3.369 0c1.603.051 2.815 1.387 2.815 2.951zm-6.136-1.452a51.196 51.196 0 0 1 3.273 0C14.39 3.05 15 3.684 15 4.478v.113a49.488 49.488 0 0 0-6 0v-.113c0-.794.609-1.428 1.364-1.452zm-.355 5.945a.75.75 0 1 0-1.5.058l.347 9a.75.75 0 1 0 1.499-.058l-.346-9zm5.48.058a.75.75 0 1 0-1.498-.058l-.347 9a.75.75 0 0 0 1.5.058l.345-9z"
                  fill-rule="evenodd"
                />
              </svg>
            </trash-solid-icon>
            <span
              class="text-sm font-bold text-white"
            >
              Delete
            </span>
          </button>
        </div>
      </div>
    </div>
  </div>
</detailemploye-component>
`;
