// Jest Snapshot v1, https://goo.gl/fbAQLP

exports[`RegistrationComponent should render snapshot 1`] = `
<registration-component
  __ngContext__="0"
  title={[Function String]}
>
  <div>
    RegistrationComponent is works!
  </div>
</registration-component>
`;
